// Jest Snapshot v1, https://goo.gl/fbAQLP

exports[`Countries renders correctly 1`] = `
Object {
  "asFragment": [Function],
  "baseElement": <body>
    <div>
      <div>
        <nav>
          <a
            href="/"
          >
            <div
              class="nav-left"
            >
              <svg
                class="icon-white"
                fill="currentColor"
                height="1em"
                stroke="currentColor"
                stroke-width="0"
                viewBox="0 0 512 512"
                width="1em"
                xmlns="http://www.w3.org/2000/svg"
              >
                <path
                  d="M217.9 256L345 129c9.4-9.4 9.4-24.6 0-33.9-9.4-9.4-24.6-9.3-34 0L167 239c-9.1 9.1-9.3 23.7-.7 33.1L310.9 417c4.7 4.7 10.9 7 17 7s12.3-2.3 17-7c9.4-9.4 9.4-24.6 0-33.9L217.9 256z"
                />
              </svg>
            </div>
          </a>
          <div
            class="nav-middle"
          >
            <div
              class="nav-link-center"
            >
              Countries
            </div>
          </div>
          <div
            class="nav-right"
          >
            <svg
              class="icon-white"
              fill="currentColor"
              height="1em"
              stroke="currentColor"
              stroke-width="0"
              viewBox="0 0 352 512"
              width="1em"
              xmlns="http://www.w3.org/2000/svg"
            >
              <path
                d="M176 352c53.02 0 96-42.98 96-96V96c0-53.02-42.98-96-96-96S80 42.98 80 96v160c0 53.02 42.98 96 96 96zm160-160h-16c-8.84 0-16 7.16-16 16v48c0 74.8-64.49 134.82-140.79 127.38C96.71 376.89 48 317.11 48 250.3V208c0-8.84-7.16-16-16-16H16c-8.84 0-16 7.16-16 16v40.16c0 89.64 63.97 169.55 152 181.69V464H96c-8.84 0-16 7.16-16 16v16c0 8.84 7.16 16 16 16h160c8.84 0 16-7.16 16-16v-16c0-8.84-7.16-16-16-16h-56v-33.77C285.71 418.47 352 344.9 352 256v-48c0-8.84-7.16-16-16-16z"
              />
            </svg>
            <svg
              class="icon-white"
              fill="none"
              height="1em"
              stroke="currentColor"
              stroke-linecap="round"
              stroke-linejoin="round"
              stroke-width="2"
              viewBox="0 0 24 24"
              width="1em"
              xmlns="http://www.w3.org/2000/svg"
            >
              <circle
                cx="12"
                cy="12"
                r="3"
              />
              <path
                d="M19.4 15a1.65 1.65 0 0 0 .33 1.82l.06.06a2 2 0 0 1 0 2.83 2 2 0 0 1-2.83 0l-.06-.06a1.65 1.65 0 0 0-1.82-.33 1.65 1.65 0 0 0-1 1.51V21a2 2 0 0 1-2 2 2 2 0 0 1-2-2v-.09A1.65 1.65 0 0 0 9 19.4a1.65 1.65 0 0 0-1.82.33l-.06.06a2 2 0 0 1-2.83 0 2 2 0 0 1 0-2.83l.06-.06a1.65 1.65 0 0 0 .33-1.82 1.65 1.65 0 0 0-1.51-1H3a2 2 0 0 1-2-2 2 2 0 0 1 2-2h.09A1.65 1.65 0 0 0 4.6 9a1.65 1.65 0 0 0-.33-1.82l-.06-.06a2 2 0 0 1 0-2.83 2 2 0 0 1 2.83 0l.06.06a1.65 1.65 0 0 0 1.82.33H9a1.65 1.65 0 0 0 1-1.51V3a2 2 0 0 1 2-2 2 2 0 0 1 2 2v.09a1.65 1.65 0 0 0 1 1.51 1.65 1.65 0 0 0 1.82-.33l.06-.06a2 2 0 0 1 2.83 0 2 2 0 0 1 0 2.83l-.06.06a1.65 1.65 0 0 0-.33 1.82V9a1.65 1.65 0 0 0 1.51 1H21a2 2 0 0 1 2 2 2 2 0 0 1-2 2h-.09a1.65 1.65 0 0 0-1.51 1z"
              />
            </svg>
          </div>
        </nav>
      </div>
      <div
        class="header"
      >
        <div
          class="header-rightText"
        >
          <h1>
            All Countries 
          </h1>
          <p>
             
            cases
          </p>
        </div>
      </div>
      <div
        class="loader"
      >
        <div
          aria-busy="true"
          class=""
        >
          <svg
            aria-label="audio-loading"
            height="70"
            stroke="#FFF"
            viewBox="0 0 44 44"
            width="70"
            xmlns="http://www.w3.org/2000/svg"
          >
            <g
              fill="none"
              fill-rule="evenodd"
              stroke-width="2"
            >
              <circle
                cx="22"
                cy="22"
                r="1"
              >
                <animate
                  attributeName="r"
                  begin="0s"
                  calcMode="spline"
                  dur="1.8s"
                  keySplines="0.165, 0.84, 0.44, 1"
                  keyTimes="0; 1"
                  repeatCount="indefinite"
                  values="1; 20"
                />
                <animate
                  attributeName="strokeOpacity"
                  begin="0s"
                  calcMode="spline"
                  dur="1.8s"
                  keySplines="0.3, 0.61, 0.355, 1"
                  keyTimes="0; 1"
                  repeatCount="indefinite"
                  values="1; 0"
                />
              </circle>
              <circle
                cx="22"
                cy="22"
                r="1"
              >
                <animate
                  attributeName="r"
                  begin="-0.9s"
                  calcMode="spline"
                  dur="1.8s"
                  keySplines="0.165, 0.84, 0.44, 1"
                  keyTimes="0; 1"
                  repeatCount="indefinite"
                  values="1; 20"
                />
                <animate
                  attributeName="strokeOpacity"
                  begin="-0.9s"
                  calcMode="spline"
                  dur="1.8s"
                  keySplines="0.3, 0.61, 0.355, 1"
                  keyTimes="0; 1"
                  repeatCount="indefinite"
                  values="1; 0"
                />
              </circle>
            </g>
          </svg>
        </div>
      </div>
    </div>
  </body>,
  "container": <div>
    <div>
      <nav>
        <a
          href="/"
        >
          <div
            class="nav-left"
          >
            <svg
              class="icon-white"
              fill="currentColor"
              height="1em"
              stroke="currentColor"
              stroke-width="0"
              viewBox="0 0 512 512"
              width="1em"
              xmlns="http://www.w3.org/2000/svg"
            >
              <path
                d="M217.9 256L345 129c9.4-9.4 9.4-24.6 0-33.9-9.4-9.4-24.6-9.3-34 0L167 239c-9.1 9.1-9.3 23.7-.7 33.1L310.9 417c4.7 4.7 10.9 7 17 7s12.3-2.3 17-7c9.4-9.4 9.4-24.6 0-33.9L217.9 256z"
              />
            </svg>
          </div>
        </a>
        <div
          class="nav-middle"
        >
          <div
            class="nav-link-center"
          >
            Countries
          </div>
        </div>
        <div
          class="nav-right"
        >
          <svg
            class="icon-white"
            fill="currentColor"
            height="1em"
            stroke="currentColor"
            stroke-width="0"
            viewBox="0 0 352 512"
            width="1em"
            xmlns="http://www.w3.org/2000/svg"
          >
            <path
              d="M176 352c53.02 0 96-42.98 96-96V96c0-53.02-42.98-96-96-96S80 42.98 80 96v160c0 53.02 42.98 96 96 96zm160-160h-16c-8.84 0-16 7.16-16 16v48c0 74.8-64.49 134.82-140.79 127.38C96.71 376.89 48 317.11 48 250.3V208c0-8.84-7.16-16-16-16H16c-8.84 0-16 7.16-16 16v40.16c0 89.64 63.97 169.55 152 181.69V464H96c-8.84 0-16 7.16-16 16v16c0 8.84 7.16 16 16 16h160c8.84 0 16-7.16 16-16v-16c0-8.84-7.16-16-16-16h-56v-33.77C285.71 418.47 352 344.9 352 256v-48c0-8.84-7.16-16-16-16z"
            />
          </svg>
          <svg
            class="icon-white"
            fill="none"
            height="1em"
            stroke="currentColor"
            stroke-linecap="round"
            stroke-linejoin="round"
            stroke-width="2"
            viewBox="0 0 24 24"
            width="1em"
            xmlns="http://www.w3.org/2000/svg"
          >
            <circle
              cx="12"
              cy="12"
              r="3"
            />
            <path
              d="M19.4 15a1.65 1.65 0 0 0 .33 1.82l.06.06a2 2 0 0 1 0 2.83 2 2 0 0 1-2.83 0l-.06-.06a1.65 1.65 0 0 0-1.82-.33 1.65 1.65 0 0 0-1 1.51V21a2 2 0 0 1-2 2 2 2 0 0 1-2-2v-.09A1.65 1.65 0 0 0 9 19.4a1.65 1.65 0 0 0-1.82.33l-.06.06a2 2 0 0 1-2.83 0 2 2 0 0 1 0-2.83l.06-.06a1.65 1.65 0 0 0 .33-1.82 1.65 1.65 0 0 0-1.51-1H3a2 2 0 0 1-2-2 2 2 0 0 1 2-2h.09A1.65 1.65 0 0 0 4.6 9a1.65 1.65 0 0 0-.33-1.82l-.06-.06a2 2 0 0 1 0-2.83 2 2 0 0 1 2.83 0l.06.06a1.65 1.65 0 0 0 1.82.33H9a1.65 1.65 0 0 0 1-1.51V3a2 2 0 0 1 2-2 2 2 0 0 1 2 2v.09a1.65 1.65 0 0 0 1 1.51 1.65 1.65 0 0 0 1.82-.33l.06-.06a2 2 0 0 1 2.83 0 2 2 0 0 1 0 2.83l-.06.06a1.65 1.65 0 0 0-.33 1.82V9a1.65 1.65 0 0 0 1.51 1H21a2 2 0 0 1 2 2 2 2 0 0 1-2 2h-.09a1.65 1.65 0 0 0-1.51 1z"
            />
          </svg>
        </div>
      </nav>
    </div>
    <div
      class="header"
    >
      <div
        class="header-rightText"
      >
        <h1>
          All Countries 
        </h1>
        <p>
           
          cases
        </p>
      </div>
    </div>
    <div
      class="loader"
    >
      <div
        aria-busy="true"
        class=""
      >
        <svg
          aria-label="audio-loading"
          height="70"
          stroke="#FFF"
          viewBox="0 0 44 44"
          width="70"
          xmlns="http://www.w3.org/2000/svg"
        >
          <g
            fill="none"
            fill-rule="evenodd"
            stroke-width="2"
          >
            <circle
              cx="22"
              cy="22"
              r="1"
            >
              <animate
                attributeName="r"
                begin="0s"
                calcMode="spline"
                dur="1.8s"
                keySplines="0.165, 0.84, 0.44, 1"
                keyTimes="0; 1"
                repeatCount="indefinite"
                values="1; 20"
              />
              <animate
                attributeName="strokeOpacity"
                begin="0s"
                calcMode="spline"
                dur="1.8s"
                keySplines="0.3, 0.61, 0.355, 1"
                keyTimes="0; 1"
                repeatCount="indefinite"
                values="1; 0"
              />
            </circle>
            <circle
              cx="22"
              cy="22"
              r="1"
            >
              <animate
                attributeName="r"
                begin="-0.9s"
                calcMode="spline"
                dur="1.8s"
                keySplines="0.165, 0.84, 0.44, 1"
                keyTimes="0; 1"
                repeatCount="indefinite"
                values="1; 20"
              />
              <animate
                attributeName="strokeOpacity"
                begin="-0.9s"
                calcMode="spline"
                dur="1.8s"
                keySplines="0.3, 0.61, 0.355, 1"
                keyTimes="0; 1"
                repeatCount="indefinite"
                values="1; 0"
              />
            </circle>
          </g>
        </svg>
      </div>
    </div>
  </div>,
  "debug": [Function],
  "findAllByAltText": [Function],
  "findAllByDisplayValue": [Function],
  "findAllByLabelText": [Function],
  "findAllByPlaceholderText": [Function],
  "findAllByRole": [Function],
  "findAllByTestId": [Function],
  "findAllByText": [Function],
  "findAllByTitle": [Function],
  "findByAltText": [Function],
  "findByDisplayValue": [Function],
  "findByLabelText": [Function],
  "findByPlaceholderText": [Function],
  "findByRole": [Function],
  "findByTestId": [Function],
  "findByText": [Function],
  "findByTitle": [Function],
  "getAllByAltText": [Function],
  "getAllByDisplayValue": [Function],
  "getAllByLabelText": [Function],
  "getAllByPlaceholderText": [Function],
  "getAllByRole": [Function],
  "getAllByTestId": [Function],
  "getAllByText": [Function],
  "getAllByTitle": [Function],
  "getByAltText": [Function],
  "getByDisplayValue": [Function],
  "getByLabelText": [Function],
  "getByPlaceholderText": [Function],
  "getByRole": [Function],
  "getByTestId": [Function],
  "getByText": [Function],
  "getByTitle": [Function],
  "queryAllByAltText": [Function],
  "queryAllByDisplayValue": [Function],
  "queryAllByLabelText": [Function],
  "queryAllByPlaceholderText": [Function],
  "queryAllByRole": [Function],
  "queryAllByTestId": [Function],
  "queryAllByText": [Function],
  "queryAllByTitle": [Function],
  "queryByAltText": [Function],
  "queryByDisplayValue": [Function],
  "queryByLabelText": [Function],
  "queryByPlaceholderText": [Function],
  "queryByRole": [Function],
  "queryByTestId": [Function],
  "queryByText": [Function],
  "queryByTitle": [Function],
  "rerender": [Function],
  "unmount": [Function],
}
`;

exports[`Testing Countries renders correctly 1`] = `
Object {
  "asFragment": [Function],
  "baseElement": <body>
    <div>
      <div>
        <nav>
          <a
            href="/"
          >
            <div
              class="nav-left"
            >
              <svg
                class="icon-white"
                fill="currentColor"
                height="1em"
                stroke="currentColor"
                stroke-width="0"
                viewBox="0 0 512 512"
                width="1em"
                xmlns="http://www.w3.org/2000/svg"
              >
                <path
                  d="M217.9 256L345 129c9.4-9.4 9.4-24.6 0-33.9-9.4-9.4-24.6-9.3-34 0L167 239c-9.1 9.1-9.3 23.7-.7 33.1L310.9 417c4.7 4.7 10.9 7 17 7s12.3-2.3 17-7c9.4-9.4 9.4-24.6 0-33.9L217.9 256z"
                />
              </svg>
            </div>
          </a>
          <div
            class="nav-middle"
          >
            <div
              class="nav-link-center"
            >
              Countries
            </div>
          </div>
          <div
            class="nav-right"
          >
            <svg
              class="icon-white"
              fill="currentColor"
              height="1em"
              stroke="currentColor"
              stroke-width="0"
              viewBox="0 0 352 512"
              width="1em"
              xmlns="http://www.w3.org/2000/svg"
            >
              <path
                d="M176 352c53.02 0 96-42.98 96-96V96c0-53.02-42.98-96-96-96S80 42.98 80 96v160c0 53.02 42.98 96 96 96zm160-160h-16c-8.84 0-16 7.16-16 16v48c0 74.8-64.49 134.82-140.79 127.38C96.71 376.89 48 317.11 48 250.3V208c0-8.84-7.16-16-16-16H16c-8.84 0-16 7.16-16 16v40.16c0 89.64 63.97 169.55 152 181.69V464H96c-8.84 0-16 7.16-16 16v16c0 8.84 7.16 16 16 16h160c8.84 0 16-7.16 16-16v-16c0-8.84-7.16-16-16-16h-56v-33.77C285.71 418.47 352 344.9 352 256v-48c0-8.84-7.16-16-16-16z"
              />
            </svg>
            <svg
              class="icon-white"
              fill="none"
              height="1em"
              stroke="currentColor"
              stroke-linecap="round"
              stroke-linejoin="round"
              stroke-width="2"
              viewBox="0 0 24 24"
              width="1em"
              xmlns="http://www.w3.org/2000/svg"
            >
              <circle
                cx="12"
                cy="12"
                r="3"
              />
              <path
                d="M19.4 15a1.65 1.65 0 0 0 .33 1.82l.06.06a2 2 0 0 1 0 2.83 2 2 0 0 1-2.83 0l-.06-.06a1.65 1.65 0 0 0-1.82-.33 1.65 1.65 0 0 0-1 1.51V21a2 2 0 0 1-2 2 2 2 0 0 1-2-2v-.09A1.65 1.65 0 0 0 9 19.4a1.65 1.65 0 0 0-1.82.33l-.06.06a2 2 0 0 1-2.83 0 2 2 0 0 1 0-2.83l.06-.06a1.65 1.65 0 0 0 .33-1.82 1.65 1.65 0 0 0-1.51-1H3a2 2 0 0 1-2-2 2 2 0 0 1 2-2h.09A1.65 1.65 0 0 0 4.6 9a1.65 1.65 0 0 0-.33-1.82l-.06-.06a2 2 0 0 1 0-2.83 2 2 0 0 1 2.83 0l.06.06a1.65 1.65 0 0 0 1.82.33H9a1.65 1.65 0 0 0 1-1.51V3a2 2 0 0 1 2-2 2 2 0 0 1 2 2v.09a1.65 1.65 0 0 0 1 1.51 1.65 1.65 0 0 0 1.82-.33l.06-.06a2 2 0 0 1 2.83 0 2 2 0 0 1 0 2.83l-.06.06a1.65 1.65 0 0 0-.33 1.82V9a1.65 1.65 0 0 0 1.51 1H21a2 2 0 0 1 2 2 2 2 0 0 1-2 2h-.09a1.65 1.65 0 0 0-1.51 1z"
              />
            </svg>
          </div>
        </nav>
      </div>
      <div
        class="header"
      >
        <div />
        <div
          class="header-rightText"
        >
          <h1>
            All Countries 
          </h1>
          <p>
             
            cases
          </p>
        </div>
      </div>
      <div
        class="loader"
      >
        <div
          aria-busy="true"
          class=""
        >
          <svg
            aria-label="audio-loading"
            height="70"
            stroke="#FFF"
            viewBox="0 0 44 44"
            width="70"
            xmlns="http://www.w3.org/2000/svg"
          >
            <g
              fill="none"
              fill-rule="evenodd"
              stroke-width="2"
            >
              <circle
                cx="22"
                cy="22"
                r="1"
              >
                <animate
                  attributeName="r"
                  begin="0s"
                  calcMode="spline"
                  dur="1.8s"
                  keySplines="0.165, 0.84, 0.44, 1"
                  keyTimes="0; 1"
                  repeatCount="indefinite"
                  values="1; 20"
                />
                <animate
                  attributeName="strokeOpacity"
                  begin="0s"
                  calcMode="spline"
                  dur="1.8s"
                  keySplines="0.3, 0.61, 0.355, 1"
                  keyTimes="0; 1"
                  repeatCount="indefinite"
                  values="1; 0"
                />
              </circle>
              <circle
                cx="22"
                cy="22"
                r="1"
              >
                <animate
                  attributeName="r"
                  begin="-0.9s"
                  calcMode="spline"
                  dur="1.8s"
                  keySplines="0.165, 0.84, 0.44, 1"
                  keyTimes="0; 1"
                  repeatCount="indefinite"
                  values="1; 20"
                />
                <animate
                  attributeName="strokeOpacity"
                  begin="-0.9s"
                  calcMode="spline"
                  dur="1.8s"
                  keySplines="0.3, 0.61, 0.355, 1"
                  keyTimes="0; 1"
                  repeatCount="indefinite"
                  values="1; 0"
                />
              </circle>
            </g>
          </svg>
        </div>
      </div>
    </div>
  </body>,
  "container": <div>
    <div>
      <nav>
        <a
          href="/"
        >
          <div
            class="nav-left"
          >
            <svg
              class="icon-white"
              fill="currentColor"
              height="1em"
              stroke="currentColor"
              stroke-width="0"
              viewBox="0 0 512 512"
              width="1em"
              xmlns="http://www.w3.org/2000/svg"
            >
              <path
                d="M217.9 256L345 129c9.4-9.4 9.4-24.6 0-33.9-9.4-9.4-24.6-9.3-34 0L167 239c-9.1 9.1-9.3 23.7-.7 33.1L310.9 417c4.7 4.7 10.9 7 17 7s12.3-2.3 17-7c9.4-9.4 9.4-24.6 0-33.9L217.9 256z"
              />
            </svg>
          </div>
        </a>
        <div
          class="nav-middle"
        >
          <div
            class="nav-link-center"
          >
            Countries
          </div>
        </div>
        <div
          class="nav-right"
        >
          <svg
            class="icon-white"
            fill="currentColor"
            height="1em"
            stroke="currentColor"
            stroke-width="0"
            viewBox="0 0 352 512"
            width="1em"
            xmlns="http://www.w3.org/2000/svg"
          >
            <path
              d="M176 352c53.02 0 96-42.98 96-96V96c0-53.02-42.98-96-96-96S80 42.98 80 96v160c0 53.02 42.98 96 96 96zm160-160h-16c-8.84 0-16 7.16-16 16v48c0 74.8-64.49 134.82-140.79 127.38C96.71 376.89 48 317.11 48 250.3V208c0-8.84-7.16-16-16-16H16c-8.84 0-16 7.16-16 16v40.16c0 89.64 63.97 169.55 152 181.69V464H96c-8.84 0-16 7.16-16 16v16c0 8.84 7.16 16 16 16h160c8.84 0 16-7.16 16-16v-16c0-8.84-7.16-16-16-16h-56v-33.77C285.71 418.47 352 344.9 352 256v-48c0-8.84-7.16-16-16-16z"
            />
          </svg>
          <svg
            class="icon-white"
            fill="none"
            height="1em"
            stroke="currentColor"
            stroke-linecap="round"
            stroke-linejoin="round"
            stroke-width="2"
            viewBox="0 0 24 24"
            width="1em"
            xmlns="http://www.w3.org/2000/svg"
          >
            <circle
              cx="12"
              cy="12"
              r="3"
            />
            <path
              d="M19.4 15a1.65 1.65 0 0 0 .33 1.82l.06.06a2 2 0 0 1 0 2.83 2 2 0 0 1-2.83 0l-.06-.06a1.65 1.65 0 0 0-1.82-.33 1.65 1.65 0 0 0-1 1.51V21a2 2 0 0 1-2 2 2 2 0 0 1-2-2v-.09A1.65 1.65 0 0 0 9 19.4a1.65 1.65 0 0 0-1.82.33l-.06.06a2 2 0 0 1-2.83 0 2 2 0 0 1 0-2.83l.06-.06a1.65 1.65 0 0 0 .33-1.82 1.65 1.65 0 0 0-1.51-1H3a2 2 0 0 1-2-2 2 2 0 0 1 2-2h.09A1.65 1.65 0 0 0 4.6 9a1.65 1.65 0 0 0-.33-1.82l-.06-.06a2 2 0 0 1 0-2.83 2 2 0 0 1 2.83 0l.06.06a1.65 1.65 0 0 0 1.82.33H9a1.65 1.65 0 0 0 1-1.51V3a2 2 0 0 1 2-2 2 2 0 0 1 2 2v.09a1.65 1.65 0 0 0 1 1.51 1.65 1.65 0 0 0 1.82-.33l.06-.06a2 2 0 0 1 2.83 0 2 2 0 0 1 0 2.83l-.06.06a1.65 1.65 0 0 0-.33 1.82V9a1.65 1.65 0 0 0 1.51 1H21a2 2 0 0 1 2 2 2 2 0 0 1-2 2h-.09a1.65 1.65 0 0 0-1.51 1z"
            />
          </svg>
        </div>
      </nav>
    </div>
    <div
      class="header"
    >
      <div />
      <div
        class="header-rightText"
      >
        <h1>
          All Countries 
        </h1>
        <p>
           
          cases
        </p>
      </div>
    </div>
    <div
      class="loader"
    >
      <div
        aria-busy="true"
        class=""
      >
        <svg
          aria-label="audio-loading"
          height="70"
          stroke="#FFF"
          viewBox="0 0 44 44"
          width="70"
          xmlns="http://www.w3.org/2000/svg"
        >
          <g
            fill="none"
            fill-rule="evenodd"
            stroke-width="2"
          >
            <circle
              cx="22"
              cy="22"
              r="1"
            >
              <animate
                attributeName="r"
                begin="0s"
                calcMode="spline"
                dur="1.8s"
                keySplines="0.165, 0.84, 0.44, 1"
                keyTimes="0; 1"
                repeatCount="indefinite"
                values="1; 20"
              />
              <animate
                attributeName="strokeOpacity"
                begin="0s"
                calcMode="spline"
                dur="1.8s"
                keySplines="0.3, 0.61, 0.355, 1"
                keyTimes="0; 1"
                repeatCount="indefinite"
                values="1; 0"
              />
            </circle>
            <circle
              cx="22"
              cy="22"
              r="1"
            >
              <animate
                attributeName="r"
                begin="-0.9s"
                calcMode="spline"
                dur="1.8s"
                keySplines="0.165, 0.84, 0.44, 1"
                keyTimes="0; 1"
                repeatCount="indefinite"
                values="1; 20"
              />
              <animate
                attributeName="strokeOpacity"
                begin="-0.9s"
                calcMode="spline"
                dur="1.8s"
                keySplines="0.3, 0.61, 0.355, 1"
                keyTimes="0; 1"
                repeatCount="indefinite"
                values="1; 0"
              />
            </circle>
          </g>
        </svg>
      </div>
    </div>
  </div>,
  "debug": [Function],
  "findAllByAltText": [Function],
  "findAllByDisplayValue": [Function],
  "findAllByLabelText": [Function],
  "findAllByPlaceholderText": [Function],
  "findAllByRole": [Function],
  "findAllByTestId": [Function],
  "findAllByText": [Function],
  "findAllByTitle": [Function],
  "findByAltText": [Function],
  "findByDisplayValue": [Function],
  "findByLabelText": [Function],
  "findByPlaceholderText": [Function],
  "findByRole": [Function],
  "findByTestId": [Function],
  "findByText": [Function],
  "findByTitle": [Function],
  "getAllByAltText": [Function],
  "getAllByDisplayValue": [Function],
  "getAllByLabelText": [Function],
  "getAllByPlaceholderText": [Function],
  "getAllByRole": [Function],
  "getAllByTestId": [Function],
  "getAllByText": [Function],
  "getAllByTitle": [Function],
  "getByAltText": [Function],
  "getByDisplayValue": [Function],
  "getByLabelText": [Function],
  "getByPlaceholderText": [Function],
  "getByRole": [Function],
  "getByTestId": [Function],
  "getByText": [Function],
  "getByTitle": [Function],
  "queryAllByAltText": [Function],
  "queryAllByDisplayValue": [Function],
  "queryAllByLabelText": [Function],
  "queryAllByPlaceholderText": [Function],
  "queryAllByRole": [Function],
  "queryAllByTestId": [Function],
  "queryAllByText": [Function],
  "queryAllByTitle": [Function],
  "queryByAltText": [Function],
  "queryByDisplayValue": [Function],
  "queryByLabelText": [Function],
  "queryByPlaceholderText": [Function],
  "queryByRole": [Function],
  "queryByTestId": [Function],
  "queryByText": [Function],
  "queryByTitle": [Function],
  "rerender": [Function],
  "unmount": [Function],
}
`;
